MemTotal:       16215456 kB
MemFree:         7305240 kB
MemAvailable:   15612312 kB
Buffers:          156428 kB
Cached:          7872156 kB
SwapCached:            0 kB
Active:          3993668 kB
Inactive:        4257628 kB
Active(anon):       1820 kB
Inactive(anon):   224124 kB
Active(file):    3991848 kB
Inactive(file):  4033504 kB
Unevictable:          64 kB
Mlocked:              64 kB
SwapTotal:             0 kB
SwapFree:              0 kB
Dirty:               560 kB
Writeback:             0 kB
AnonPages:        222804 kB
Mapped:           130992 kB
Shmem:              3232 kB
KReclaimable:     442892 kB
Slab:             516968 kB
SReclaimable:     442892 kB
SUnreclaim:        74076 kB
KernelStack:        3696 kB
PageTables:         5040 kB
NFS_Unstable:          0 kB
Bounce:                0 kB
WritebackTmp:          0 kB
CommitLimit:     8107728 kB
Committed_AS:    1335652 kB
VmallocTotal:   67108863 kB
VmallocUsed:       20400 kB
VmallocChunk:          0 kB
Percpu:             1760 kB
CmaTotal:         327680 kB
CmaFree:          162368 kB
HugePages_Total:       0
HugePages_Free:        0
HugePages_Rsvd:        0
HugePages_Surp:        0
Hugepagesize:       2048 kB
Hugetlb:               0 kB