        MemTotal:       527952680 kB
        MemFree:        108170476 kB
        MemAvailable:   427200448 kB
        Buffers:         2022300 kB
        Cached:         306764708 kB
        SwapCached:       412432 kB
        Active:         183149016 kB
        Inactive:       215710720 kB
        Active(anon):    1052840 kB
        Inactive(anon): 90036200 kB
        Active(file):   182096176 kB
        Inactive(file): 125674520 kB
        Unevictable:       27648 kB
        Mlocked:           27648 kB
        SwapTotal:      33554424 kB
        SwapFree:       22722580 kB
        Dirty:               904 kB
        Writeback:             0 kB
        AnonPages:      89683608 kB
        Mapped:         23633960 kB
        Shmem:           3042256 kB
        KReclaimable:   14685540 kB
        Slab:           18107600 kB
        SReclaimable:   14685540 kB
        SUnreclaim:      3422060 kB
        KernelStack:      134288 kB
        PageTables:      1604488 kB
        NFS_Unstable:          0 kB
        Bounce:                0 kB
        WritebackTmp:          0 kB
        CommitLimit:    297530764 kB
        Committed_AS:   737714324 kB
        VmallocTotal:   13743895347199 kB
        VmallocUsed:      430280 kB
        VmallocChunk:          0 kB
        Percpu:           210560 kB
        HardwareCorrupted:     0 kB
        AnonHugePages:    569344 kB
        ShmemHugePages:        0 kB
        ShmemPmdMapped:        0 kB
        FileHugePages:         0 kB
        FilePmdMapped:         0 kB
        HugePages_Total:       0
        HugePages_Free:        0
        HugePages_Rsvd:        0
        HugePages_Surp:        0
        Hugepagesize:       2048 kB
        Hugetlb:               0 kB
        DirectMap4k:     7301120 kB
        DirectMap2M:    231403520 kB
        DirectMap1G:    299892736 kB